// Jest Snapshot v1, https://goo.gl/fbAQLP

exports[`Generator form component renders correctly 1`] = `ShallowWrapper {}`;
